
> temp_app@0.1.0 build
> next build


위치 C:\Program Files\nodejs\npm.ps1:29 문자
:3
+   & $NODE_EXE $NPM_CLI_JS $args
+   ~~~~~~~~~~~~~~~~~~~~~~~~~~~~~
    + CategoryInfo          : NotSpecif 
   ied: (:String) [], RemoteException
    + FullyQualifiedErrorId : NativeCom 
   mandError
 
<--- Last few GCs --->

[14660:0000016A98208000]      111 ms: Sc
avenge 5.4 (6.9) -> 5.0 (7.7) MB, pooled
: 0 MB, 0.60 / 0.00 ms  (average mu = 1.
000, current mu = 1.000) allocation fail
ure; 
[14660:0000016A98208000]      158 ms: Sc
avenge 6.3 (7.7) -> 5.9 (10.4) MB, poole
d: 0 MB, 0.68 / 0.01 ms  (average mu = 1
.000, current mu = 1.000) allocation fai
lure; 
[14660:0000016A98208000]      252 ms: Sc
avenge 8.1 (10.7) -> 7.0 (11.2) MB, pool
ed: 0 MB, 0.48 / 0.00 ms  (average mu = 
1.000, current mu = 1.000) allocation fa
ilure; 


<--- JS stacktrace --->

FATAL ERROR: Zone Allocation failed - pr
ocess out of memory
----- Native stack trace -----

 1: 00007FF6DA3ABA4B 
 2: 00007FF6DA3153F8 
 3: 00007FF6DAEA2D81 
 4: 00007FF6DAE8FB86 
 5: 00007FF6DA95312E 
 6: 00007FF6DAA37CE6 
 7: 00007FF6DAA3F037 
 8: 00007FF6DAA3EF57 
 9: 00007FF6DAA41F88 
10: 00007FF6DAA403C5 
11: 00007FF6DAA38BA3 
12: 00007FF6DAA3906F 
13: 00007FF6DAA38C11 
14: 00007FF6DAA3BCE2 
15: 00007FF6DAA3C1DE 
16: 00007FF6DAA442A2 
17: 00007FF6DAA44654 
18: 00007FF6DAA3EA0D 
19: 00007FF6DAA3F268 
20: 00007FF6DAA3EF57 
21: 00007FF6DAA41F88 
22: 00007FF6DAA403C5 
23: 00007FF6DAA38BA3 
24: 00007FF6DAA458BA 
25: 00007FF6DAA45B1E 
26: 00007FF6DAA446CC 
27: 00007FF6DAA3EA0D 
28: 00007FF6DAA3F268 
29: 00007FF6DAA3EF57 
30: 00007FF6DAA41F88 
31: 00007FF6DAA403C5 
32: 00007FF6DAA38BA3 
33: 00007FF6DAA41494 
34: 00007FF6DAA3865C 
35: 00007FF6DAA41FB8 
36: 00007FF6DAA403C5 
37: 00007FF6DAA38BA3 
38: 00007FF6DAA381EF 
39: 00007FF6DAA3FF79 
40: 00007FF6DAA40413 
41: 00007FF6DAA38BA3 
42: 00007FF6DAA3BCE2 
43: 00007FF6DAA431EC 
44: 00007FF6DAA43887 
45: 00007FF6DAA44654 
46: 00007FF6DAA3EA0D 
47: 00007FF6DAA3F268 
48: 00007FF6DAA3EF57 
49: 00007FF6DAA41F88 
50: 00007FF6DAA403C5 
51: 00007FF6DAA38BA3 
52: 00007FF6DAA3BCE2 
53: 00007FF6DAA420E6 
54: 00007FF6DAA403C5 
55: 00007FF6DAA38BA3 
56: 00007FF6DAA381EF 
57: 00007FF6DAA3FF79 
58: 00007FF6DAA40413 
59: 00007FF6DAA38BA3 
60: 00007FF6DAA3BCE2 
61: 00007FF6DAA3C1DE 
62: 00007FF6DAA442A2 
63: 00007FF6DAA44654 
64: 00007FF6DAA444DD 
65: 00007FF6DAA46401 
66: 00007FF6DAA6B957 
67: 00007FF6DAA5F6E4 
68: 00007FF6DAA5F3E9 
69: 00007FF6DAA64185 
70: 00007FF6DAA618C9 
71: 00007FF6DAA55C17 
72: 00007FF6DAA636BB 
73: 00007FF6DAA62D4D 
74: 00007FF6DAA628C3 
75: 00007FF6DAA641B9 
76: 00007FF6DAA618C9 
77: 00007FF6DAA55C17 
78: 00007FF6DAA69435 
79: 00007FF6DAA69892 
80: 00007FF6DAA5ED68 
81: 00007FF6DAA5586A 
82: 00007FF6DAA55E27 
83: 00007FF6DAA55C64 
84: 00007FF6DAA5B3DE 
85: 00007FF6DAA642D6 
86: 00007FF6DAA618C9 
87: 00007FF6DAA55C17 
88: 00007FF6DAA5B3DE 
89: 00007FF6DAA5B89E 
90: 00007FF6DAA676E1 
91: 00007FF6DAA5ED68 
92: 00007FF6DAA5DFD5 
93: 00007FF6DAA5F759 
94: 00007FF6DAA50754 
95: 00007FF6DAA6481B 
96: 00007FF6DAA49CFC 
97: 00007FF6DAE07D1D 
98: 00007FF6DAE0D2C8 
99: 00007FF6DAE8A827 
100: 00007FF6DAE8A574 
101: 00007FF6DA323314 
102: 00007FF6DA323904 
103: 00007FF67AE8FA64 
